// Jest Snapshot v1, https://goo.gl/fbAQLP

exports[`Container: SongListContainer activate: SongListContainer should render correctly 1`] = `
<div
  className="empty"
>
  <h1>
    No result found :(
  </h1>
</div>
`;
